// Jest Snapshot v1, https://goo.gl/fbAQLP

exports[`Test for <FirstApp /> should show <FirstApp /> correctly 1`] = `
<Fragment>
  <h1>
    Hello i am Goku
      !!!
  </h1>
  <p>
    I'm a Subtitle
  </p>
</Fragment>
`;
